// Jest Snapshot v1, https://goo.gl/fbAQLP

exports[`Dropdown should render component layout correctly 1`] = `
<div
  className="dropdown"
>
  <div>
    <button
      className="dropdown-btn"
      onClick={[Function]}
    >
      Select Category
    </button>
  </div>
</div>
`;
